// Jest Snapshot v1, https://goo.gl/fbAQLP

exports[`To do Test: should render home 1`] = `
<div
  className="pages home"
  id="home"
>
  <h1>
    In the end, 
  </h1>
  <h2>
    everything will have a happy ending. 
  </h2>
  <h3>
    If it's not happy, 
  </h3>
  <h4>
    then it's not the end.
  </h4>
</div>
`;
