// Jest Snapshot v1, https://goo.gl/fbAQLP

exports[`<Home /> should display a blank login form, with remember me checked by default 1`] = `
<div>
  <div
    class="pages home"
    data-testid="home"
    id="home"
  >
    <h1>
      qqqqqqqqqqqqqqqqqqqqqq
      123
    </h1>
    <h1>
      In the end, 
    </h1>
    <h2>
      everything will have a happy ending. 
    </h2>
    <h3>
      If it's not happy, 
    </h3>
    <h4>
      then it's not the end.
    </h4>
  </div>
</div>
`;
